[==========] Running 24 tests from 4 test suites.
[----------] Global test environment set-up.
[----------] 6 tests from FindMinPositiveTest
[ RUN      ] FindMinPositiveTest.PositiveTest_StandardArray
[       OK ] FindMinPositiveTest.PositiveTest_StandardArray (0 ms)
[ RUN      ] FindMinPositiveTest.PositiveTest_SingleElement
[       OK ] FindMinPositiveTest.PositiveTest_SingleElement (0 ms)
[ RUN      ] FindMinPositiveTest.PositiveTest_AllSameValues
[       OK ] FindMinPositiveTest.PositiveTest_AllSameValues (0 ms)
[ RUN      ] FindMinPositiveTest.NegativeTest_EmptyArray
[       OK ] FindMinPositiveTest.NegativeTest_EmptyArray (0 ms)
[ RUN      ] FindMinPositiveTest.NegativeTest_ContainsZero
[       OK ] FindMinPositiveTest.NegativeTest_ContainsZero (0 ms)
[ RUN      ] FindMinPositiveTest.NegativeTest_ContainsNegative
[       OK ] FindMinPositiveTest.NegativeTest_ContainsNegative (0 ms)
[----------] 6 tests from FindMinPositiveTest (1 ms total)

[----------] 6 tests from SumNegativeTest
[ RUN      ] SumNegativeTest.PositiveTest_StandardArray
[       OK ] SumNegativeTest.PositiveTest_StandardArray (0 ms)
[ RUN      ] SumNegativeTest.PositiveTest_SingleElement
[       OK ] SumNegativeTest.PositiveTest_SingleElement (0 ms)
[ RUN      ] SumNegativeTest.PositiveTest_LargeNegatives
[       OK ] SumNegativeTest.PositiveTest_LargeNegatives (0 ms)
[ RUN      ] SumNegativeTest.NegativeTest_EmptyArray
[       OK ] SumNegativeTest.NegativeTest_EmptyArray (0 ms)
[ RUN      ] SumNegativeTest.NegativeTest_ContainsZero
[       OK ] SumNegativeTest.NegativeTest_ContainsZero (0 ms)
[ RUN      ] SumNegativeTest.NegativeTest_ContainsPositive
[       OK ] SumNegativeTest.NegativeTest_ContainsPositive (0 ms)
[----------] 6 tests from SumNegativeTest (0 ms total)

[----------] 6 tests from FibonacciTest
[ RUN      ] FibonacciTest.PositiveTest_Zero
[       OK ] FibonacciTest.PositiveTest_Zero (0 ms)
[ RUN      ] FibonacciTest.PositiveTest_One
[       OK ] FibonacciTest.PositiveTest_One (0 ms)
[ RUN      ] FibonacciTest.PositiveTest_StandardValues
[       OK ] FibonacciTest.PositiveTest_StandardValues (0 ms)
[ RUN      ] FibonacciTest.PositiveTest_LargeValue
[       OK ] FibonacciTest.PositiveTest_LargeValue (0 ms)
[ RUN      ] FibonacciTest.NegativeTest_NegativeNumber
[       OK ] FibonacciTest.NegativeTest_NegativeNumber (0 ms)
[ RUN      ] FibonacciTest.NegativeTest_NegativeLargeNumber
[       OK ] FibonacciTest.NegativeTest_NegativeLargeNumber (0 ms)
[----------] 6 tests from FibonacciTest (0 ms total)

[----------] 6 tests from CalculateCurrentTest
[ RUN      ] CalculateCurrentTest.PositiveTest_StandardValues
[       OK ] CalculateCurrentTest.PositiveTest_StandardValues (0 ms)
[ RUN      ] CalculateCurrentTest.PositiveTest_SmallVoltage
[       OK ] CalculateCurrentTest.PositiveTest_SmallVoltage (0 ms)
[ RUN      ] CalculateCurrentTest.PositiveTest_HighResistance
[       OK ] CalculateCurrentTest.PositiveTest_HighResistance (0 ms)
[ RUN      ] CalculateCurrentTest.PositiveTest_ZeroVoltage
[       OK ] CalculateCurrentTest.PositiveTest_ZeroVoltage (0 ms)
[ RUN      ] CalculateCurrentTest.NegativeTest_ZeroResistance
[       OK ] CalculateCurrentTest.NegativeTest_ZeroResistance (0 ms)
[ RUN      ] CalculateCurrentTest.NegativeTest_NegativeResistance
[       OK ] CalculateCurrentTest.NegativeTest_NegativeResistance (0 ms)
[----------] 6 tests from CalculateCurrentTest (0 ms total)

[----------] Global test environment tear-down
[==========] 24 tests from 4 test suites ran. (1 ms total)
[  PASSED  ] 24 tests.
